Peer-1: gRPC server listening on :9001
Peer-1: Registered with bootstrap. Got 3 peers
Peer-1: Connected to peer-2 (latency: 8ms)
Peer-1: Connected to peer-10 (latency: 11ms)
Peer-1: Connected to peer-7 (latency: 14ms)

=== PEER-1 NETWORK GRAPH ===
Nodes (4):
  1: localhost
  2: localhost:9002
  7: localhost:9007
  10: localhost:9010
Edges (3):
  1 → 2 (latency: 8ms)
  1 → 7 (latency: 14ms)
  1 → 10 (latency: 11ms)
==============================

╔════════════════════════════════════╗
║       NETWORK METRICS              ║
╚════════════════════════════════════╝

  Total Peers:        4
  Total Connections:  3
  Network Density:    25.00%
  Avg Latency:        11ms
  Min Latency:        8ms
  Max Latency:        14ms
  Route Cache Size:   0
Peer-1: Route to peer-10: path=[1 10] latency=11ms hops=1

Peer-1: Running. Press Ctrl+C to stop.
